{
  "version": "1.5.0",
  "plugins_used": [
    {
      "name": "ArtifactoryDetector"
    },
    {
      "name": "AWSKeyDetector"
    },
    {
      "name": "AzureStorageKeyDetector"
    },
    {
      "name": "Base64HighEntropyString",
      "limit": 4.5
    },
    {
      "name": "BasicAuthDetector"
    },
    {
      "name": "CloudantDetector"
    },
    {
      "name": "DiscordBotTokenDetector"
    },
    {
      "name": "GitHubTokenDetector"
    },
    {
      "name": "GitLabTokenDetector"
    },
    {
      "name": "HexHighEntropyString",
      "limit": 3.0
    },
    {
      "name": "IbmCloudIamDetector"
    },
    {
      "name": "IbmCosHmacDetector"
    },
    {
      "name": "IPPublicDetector"
    },
    {
      "name": "JwtTokenDetector"
    },
    {
      "name": "KeywordDetector",
      "keyword_exclude": ""
    },
    {
      "name": "MailchimpDetector"
    },
    {
      "name": "NpmDetector"
    },
    {
      "name": "OpenAIDetector"
    },
    {
      "name": "PrivateKeyDetector"
    },
    {
      "name": "PypiTokenDetector"
    },
    {
      "name": "SendGridDetector"
    },
    {
      "name": "SlackDetector"
    },
    {
      "name": "SoftlayerDetector"
    },
    {
      "name": "SquareOAuthDetector"
    },
    {
      "name": "StripeDetector"
    },
    {
      "name": "TelegramBotTokenDetector"
    },
    {
      "name": "TwilioKeyDetector"
    }
  ],
  "filters_used": [
    {
      "path": "detect_secrets.filters.allowlist.is_line_allowlisted"
    },
    {
      "path": "detect_secrets.filters.common.is_baseline_file",
      "filename": ".secrets.baseline"
    },
    {
      "path": "detect_secrets.filters.common.is_ignored_due_to_verification_policies",
      "min_level": 2
    },
    {
      "path": "detect_secrets.filters.heuristic.is_indirect_reference"
    },
    {
      "path": "detect_secrets.filters.heuristic.is_likely_id_string"
    },
    {
      "path": "detect_secrets.filters.heuristic.is_lock_file"
    },
    {
      "path": "detect_secrets.filters.heuristic.is_not_alphanumeric_string"
    },
    {
      "path": "detect_secrets.filters.heuristic.is_potential_uuid"
    },
    {
      "path": "detect_secrets.filters.heuristic.is_prefixed_with_dollar_sign"
    },
    {
      "path": "detect_secrets.filters.heuristic.is_sequential_string"
    },
    {
      "path": "detect_secrets.filters.heuristic.is_swagger_file"
    },
    {
      "path": "detect_secrets.filters.heuristic.is_templated_secret"
    }
  ],
  "results": {
    ".env.example": [
      {
        "type": "Basic Auth Credentials",
        "filename": ".env.example",
        "hashed_secret": "77e000100cf0ab83fd30dd6d336e2b6b8cd2c12c",
        "is_verified": false,
        "line_number": 16
      }
    ],
    "METHODOLOGY.md": [
      {
        "type": "Basic Auth Credentials",
        "filename": "METHODOLOGY.md",
        "hashed_secret": "9d4e1e23bd5b727046a9e3b4b7db57bd8d6ee684",
        "is_verified": false,
        "line_number": 505
      }
    ],
    "README.md": [
      {
        "type": "Secret Keyword",
        "filename": "README.md",
        "hashed_secret": "f865b53623b121fd34ee5426c792e5c33af8c227",
        "is_verified": false,
        "line_number": 202
      }
    ],
    "alembic.ini": [
      {
        "type": "Basic Auth Credentials",
        "filename": "alembic.ini",
        "hashed_secret": "77e000100cf0ab83fd30dd6d336e2b6b8cd2c12c",
        "is_verified": false,
        "line_number": 3
      }
    ],
    "alembic/versions/b1c2d3e4f5a6_add_lot_customer_index.py": [
      {
        "type": "Hex High Entropy String",
        "filename": "alembic/versions/b1c2d3e4f5a6_add_lot_customer_index.py",
        "hashed_secret": "67e71f59c479818d8d271427edeaee49eae77ffe",
        "is_verified": false,
        "line_number": 12
      }
    ],
    "alembic/versions/c3d4e5f6a7b8_add_rls_policies.py": [
      {
        "type": "Hex High Entropy String",
        "filename": "alembic/versions/c3d4e5f6a7b8_add_rls_policies.py",
        "hashed_secret": "5f54b82127fdf5d4704c3fa47ea6efb79f16f243",
        "is_verified": false,
        "line_number": 10
      },
      {
        "type": "Hex High Entropy String",
        "filename": "alembic/versions/c3d4e5f6a7b8_add_rls_policies.py",
        "hashed_secret": "67e71f59c479818d8d271427edeaee49eae77ffe",
        "is_verified": false,
        "line_number": 11
      }
    ],
    "alembic/versions/d4e5f6a7b8c9_add_memory_tables.py": [
      {
        "type": "Hex High Entropy String",
        "filename": "alembic/versions/d4e5f6a7b8c9_add_memory_tables.py",
        "hashed_secret": "9d7711abfa1f07e829f8ffd195f6679b8327ecf7",
        "is_verified": false,
        "line_number": 16
      },
      {
        "type": "Hex High Entropy String",
        "filename": "alembic/versions/d4e5f6a7b8c9_add_memory_tables.py",
        "hashed_secret": "5f54b82127fdf5d4704c3fa47ea6efb79f16f243",
        "is_verified": false,
        "line_number": 17
      }
    ],
    "deploy/alibaba/.env.alibaba.example": [
      {
        "type": "Basic Auth Credentials",
        "filename": "deploy/alibaba/.env.alibaba.example",
        "hashed_secret": "f1e54572f5bea6fa3311c045816cc7b64b632ffe",
        "is_verified": false,
        "line_number": 18
      }
    ],
    "deploy/yc/ansible/cloud-init.yml": [
      {
        "type": "Secret Keyword",
        "filename": "deploy/yc/ansible/cloud-init.yml",
        "hashed_secret": "6b42874e3cd20771d93096ec5ce36307a1f2ba14",
        "is_verified": false,
        "line_number": 13
      },
      {
        "type": "Secret Keyword",
        "filename": "deploy/yc/ansible/cloud-init.yml",
        "hashed_secret": "f8a9330350a35f240553955fc18107cf7d922e68",
        "is_verified": false,
        "line_number": 21
      }
    ],
    "docs/deployment.md": [
      {
        "type": "Basic Auth Credentials",
        "filename": "docs/deployment.md",
        "hashed_secret": "9cac46bf9927d9fe4256a27c9235410cc9d6d9f9",
        "is_verified": false,
        "line_number": 23
      }
    ],
    "helm/snabagent/values.yaml": [
      {
        "type": "Basic Auth Credentials",
        "filename": "helm/snabagent/values.yaml",
        "hashed_secret": "9cac46bf9927d9fe4256a27c9235410cc9d6d9f9",
        "is_verified": false,
        "line_number": 35
      },
      {
        "type": "Secret Keyword",
        "filename": "helm/snabagent/values.yaml",
        "hashed_secret": "87e283ea895caf78bfa1f95c8d5a25b3cd92cefb",
        "is_verified": false,
        "line_number": 58
      }
    ],
    "scripts/backup.sh": [
      {
        "type": "Basic Auth Credentials",
        "filename": "scripts/backup.sh",
        "hashed_secret": "9cac46bf9927d9fe4256a27c9235410cc9d6d9f9",
        "is_verified": false,
        "line_number": 23
      }
    ],
    "scripts/restore.sh": [
      {
        "type": "Basic Auth Credentials",
        "filename": "scripts/restore.sh",
        "hashed_secret": "9cac46bf9927d9fe4256a27c9235410cc9d6d9f9",
        "is_verified": false,
        "line_number": 40
      }
    ],
    "scripts/seed_users.py": [
      {
        "type": "Secret Keyword",
        "filename": "scripts/seed_users.py",
        "hashed_secret": "a908581d3ba892a057a6c4e4b637704046105b3d",
        "is_verified": false,
        "line_number": 23
      },
      {
        "type": "Secret Keyword",
        "filename": "scripts/seed_users.py",
        "hashed_secret": "f865b53623b121fd34ee5426c792e5c33af8c227",
        "is_verified": false,
        "line_number": 24
      },
      {
        "type": "Secret Keyword",
        "filename": "scripts/seed_users.py",
        "hashed_secret": "b20ab7d90c585eabf9212f1bf19db9a386adac71",
        "is_verified": false,
        "line_number": 31
      },
      {
        "type": "Secret Keyword",
        "filename": "scripts/seed_users.py",
        "hashed_secret": "829cfb3f99a07a363fc0ebd636d5d942213bbcdb",
        "is_verified": false,
        "line_number": 32
      },
      {
        "type": "Secret Keyword",
        "filename": "scripts/seed_users.py",
        "hashed_secret": "2b681e81e4f6c1a84152d5addaa726ba015785b2",
        "is_verified": false,
        "line_number": 39
      },
      {
        "type": "Secret Keyword",
        "filename": "scripts/seed_users.py",
        "hashed_secret": "e0e4155ad61ff0817284b318207da75b0846ad5b",
        "is_verified": false,
        "line_number": 40
      }
    ],
    "src/snabagent/api/sso/oauth2.py": [
      {
        "type": "Secret Keyword",
        "filename": "src/snabagent/api/sso/oauth2.py",
        "hashed_secret": "1d2b8c35f6d10ee24c22df8af769f07d240ddc52",
        "is_verified": false,
        "line_number": 39
      },
      {
        "type": "Secret Keyword",
        "filename": "src/snabagent/api/sso/oauth2.py",
        "hashed_secret": "695f75024d3f7d6d551ab33aa4222927708f91ec",
        "is_verified": false,
        "line_number": 47
      },
      {
        "type": "Secret Keyword",
        "filename": "src/snabagent/api/sso/oauth2.py",
        "hashed_secret": "350b6ebb8d00174ffe98b335d4da22608744af70",
        "is_verified": false,
        "line_number": 55
      },
      {
        "type": "Secret Keyword",
        "filename": "src/snabagent/api/sso/oauth2.py",
        "hashed_secret": "addc1b8eb6e3b38a3691c96e5ae4326ffd5be179",
        "is_verified": false,
        "line_number": 63
      }
    ],
    "src/snabagent/settings.py": [
      {
        "type": "Basic Auth Credentials",
        "filename": "src/snabagent/settings.py",
        "hashed_secret": "77e000100cf0ab83fd30dd6d336e2b6b8cd2c12c",
        "is_verified": false,
        "line_number": 91
      }
    ],
    "tests/integration/test_auth_extended.py": [
      {
        "type": "Secret Keyword",
        "filename": "tests/integration/test_auth_extended.py",
        "hashed_secret": "4308ffe9dd75501fcaa7a81097a645dc9ffaa169",
        "is_verified": false,
        "line_number": 32
      },
      {
        "type": "Secret Keyword",
        "filename": "tests/integration/test_auth_extended.py",
        "hashed_secret": "d58197b4a3d51296510b201ef7a8ce440a0cbbc1",
        "is_verified": false,
        "line_number": 106
      },
      {
        "type": "Secret Keyword",
        "filename": "tests/integration/test_auth_extended.py",
        "hashed_secret": "d0af7cbfe6307e43add80d863fcc1a9666e863d8",
        "is_verified": false,
        "line_number": 115
      }
    ],
    "tests/integration/test_auth_routes.py": [
      {
        "type": "Secret Keyword",
        "filename": "tests/integration/test_auth_routes.py",
        "hashed_secret": "289bed0325c26d04da9ba999fb6c4defd8ab76f6",
        "is_verified": false,
        "line_number": 64
      },
      {
        "type": "Secret Keyword",
        "filename": "tests/integration/test_auth_routes.py",
        "hashed_secret": "792c5d769a23f50680f455a80106268c3e4757de",
        "is_verified": false,
        "line_number": 78
      },
      {
        "type": "Secret Keyword",
        "filename": "tests/integration/test_auth_routes.py",
        "hashed_secret": "3f2c3ca4bc5b1432bec5c8a0b019eba373efeb24",
        "is_verified": false,
        "line_number": 88
      }
    ],
    "tests/integration/test_register_flow.py": [
      {
        "type": "Secret Keyword",
        "filename": "tests/integration/test_register_flow.py",
        "hashed_secret": "4308ffe9dd75501fcaa7a81097a645dc9ffaa169",
        "is_verified": false,
        "line_number": 33
      }
    ],
    "tests/unit/test_schemas.py": [
      {
        "type": "Secret Keyword",
        "filename": "tests/unit/test_schemas.py",
        "hashed_secret": "9d4e1e23bd5b727046a9e3b4b7db57bd8d6ee684",
        "is_verified": false,
        "line_number": 18
      },
      {
        "type": "Secret Keyword",
        "filename": "tests/unit/test_schemas.py",
        "hashed_secret": "0ed23d4ed4db33809fc3d9412b0e727e898d8264",
        "is_verified": false,
        "line_number": 24
      }
    ]
  },
  "generated_at": "2026-07-04T15:33:33Z"
}
